    Checking orr_fp v0.0.1 (/workspace/scratch/edd3c9d10b8b/terrain-physics/crates/orr_fp)
    Checking orr_ecs v0.0.1 (/workspace/scratch/edd3c9d10b8b/terrain-physics/crates/orr_ecs)
    Checking orr_model v0.0.1 (/workspace/scratch/edd3c9d10b8b/terrain-physics/crates/orr_model)
    Checking orr_sim v0.0.1 (/workspace/scratch/edd3c9d10b8b/terrain-physics/crates/orr_sim)
    Checking orr_reflect v0.0.1 (/workspace/scratch/edd3c9d10b8b/terrain-physics/crates/orr_reflect)
    Checking orr_session v0.0.1 (/workspace/scratch/edd3c9d10b8b/terrain-physics/crates/orr_session)
    Checking orr_terrain v0.0.1 (/workspace/scratch/edd3c9d10b8b/terrain-physics/crates/orr_terrain)
    Checking orr_physics3d v0.0.1 (/workspace/scratch/edd3c9d10b8b/terrain-physics/crates/orr_physics3d)
    Checking orr_net v0.0.1 (/workspace/scratch/edd3c9d10b8b/terrain-physics/crates/orr_net)
    Checking orr_bridge v0.0.1 (/workspace/scratch/edd3c9d10b8b/terrain-physics/crates/orr_bridge)
    Checking orr_view v0.0.1 (/workspace/scratch/edd3c9d10b8b/terrain-physics/crates/orr_view)
    Checking orr_terrain_physics3d v0.0.1 (/workspace/scratch/edd3c9d10b8b/terrain-physics/crates/orr_terrain_physics3d)
    Checking orr_physics v0.0.1 (/workspace/scratch/edd3c9d10b8b/terrain-physics/crates/orr_physics)
    Checking orr_rhi v0.0.1 (/workspace/scratch/edd3c9d10b8b/terrain-physics/crates/orr_rhi)
    Checking orr_render v0.0.1 (/workspace/scratch/edd3c9d10b8b/terrain-physics/crates/orr_render)
    Checking orr_games v0.0.1 (/workspace/scratch/edd3c9d10b8b/terrain-physics/crates/orr_games)
    Checking orr_relay_net v0.0.1 (/workspace/scratch/edd3c9d10b8b/terrain-physics/crates/orr_relay_net)
    Checking orr_viewstream v0.0.1 (/workspace/scratch/edd3c9d10b8b/terrain-physics/crates/orr_viewstream)
    Checking orr_testgame v0.0.1 (/workspace/scratch/edd3c9d10b8b/terrain-physics/crates/orr_testgame)
    Checking orr_package v0.0.1 (/workspace/scratch/edd3c9d10b8b/terrain-physics/crates/orr_package)
    Checking orr_sample v0.0.1 (/workspace/scratch/edd3c9d10b8b/terrain-physics/crates/orr_sample)
    Checking orr_edit v0.0.1 (/workspace/scratch/edd3c9d10b8b/terrain-physics/crates/orr_edit)
    Checking orr_terrain_view v0.0.1 (/workspace/scratch/edd3c9d10b8b/terrain-physics/crates/orr_terrain_view)
    Checking orr_remote v0.0.1 (/workspace/scratch/edd3c9d10b8b/terrain-physics/crates/orr_remote)
    Checking orr_editor v0.0.1 (/workspace/scratch/edd3c9d10b8b/terrain-physics/crates/orr_editor)
    Finished `release` profile [optimized + debuginfo] target(s) in 9.33s
