    Checking bytemuck v1.25.2
   Compiling orr_reflect_derive v0.0.1 (/workspace/scratch/edd3c9d10b8b/terrain-physics/crates/orr_reflect_derive)
    Checking orr_fp v0.0.1 (/workspace/scratch/edd3c9d10b8b/terrain-physics/crates/orr_fp)
    Checking orr_ecs v0.0.1 (/workspace/scratch/edd3c9d10b8b/terrain-physics/crates/orr_ecs)
    Checking orr_terrain v0.0.1 (/workspace/scratch/edd3c9d10b8b/terrain-physics/crates/orr_terrain)
    Checking orr_sim v0.0.1 (/workspace/scratch/edd3c9d10b8b/terrain-physics/crates/orr_sim)
    Checking orr_reflect v0.0.1 (/workspace/scratch/edd3c9d10b8b/terrain-physics/crates/orr_reflect)
    Checking orr_proto v0.0.1 (/workspace/scratch/edd3c9d10b8b/terrain-physics/crates/orr_proto)
    Checking orr_physics3d v0.0.1 (/workspace/scratch/edd3c9d10b8b/terrain-physics/crates/orr_physics3d)
    Checking orr_session v0.0.1 (/workspace/scratch/edd3c9d10b8b/terrain-physics/crates/orr_session)
    Checking orr_terrain_physics3d v0.0.1 (/workspace/scratch/edd3c9d10b8b/terrain-physics/crates/orr_terrain_physics3d)
error: field assignment outside of initializer for an instance created with Default::default()
   --> crates/orr_terrain_physics3d/tests/terrain_physics.rs:589:5
    |
589 |     cfg.dt = FP::ZERO;
    |     ^^^^^^^^^^^^^^^^^^
    |
note: consider initializing the variable with `orr_physics3d::PhysicsConfig { dt: FP::ZERO, ..Default::default() }` and removing relevant reassignments
   --> crates/orr_terrain_physics3d/tests/terrain_physics.rs:588:5
    |
588 |     let mut cfg = orr_physics3d::PhysicsConfig::default();
    |     ^^^^^^^^^^^^^^^^^^^^^^^^^^^^^^^^^^^^^^^^^^^^^^^^^^^^^^
    = help: for further information visit https://rust-lang.github.io/rust-clippy/rust-1.97.0/index.html#field_reassign_with_default
    = note: `-D clippy::field-reassign-with-default` implied by `-D warnings`
    = help: to override `-D warnings` add `#[allow(clippy::field_reassign_with_default)]`

error: could not compile `orr_terrain_physics3d` (test "terrain_physics") due to 1 previous error
warning: build failed, waiting for other jobs to finish...
