    Checking log v0.4.34
    Checking orr_fp v0.0.1 (/workspace/scratch/edd3c9d10b8b/terrain-physics/crates/orr_fp)
    Checking wayland-sys v0.31.11
    Checking orr_ecs v0.0.1 (/workspace/scratch/edd3c9d10b8b/terrain-physics/crates/orr_ecs)
    Checking wayland-backend v0.3.17
    Checking orr_sim v0.0.1 (/workspace/scratch/edd3c9d10b8b/terrain-physics/crates/orr_sim)
    Checking tracing v0.1.44
    Checking naga v30.0.1
    Checking wayland-client v0.31.15
    Checking wgpu-types v30.0.1
    Checking orr_reflect v0.0.1 (/workspace/scratch/edd3c9d10b8b/terrain-physics/crates/orr_reflect)
    Checking orr_proto v0.0.1 (/workspace/scratch/edd3c9d10b8b/terrain-physics/crates/orr_proto)
    Checking orr_session v0.0.1 (/workspace/scratch/edd3c9d10b8b/terrain-physics/crates/orr_session)
    Checking gpu-allocator v0.28.0
    Checking quinn-proto v0.11.18
    Checking quinn-udp v0.5.15
    Checking wayland-protocols v0.32.13
    Checking wgpu-naga-bridge v30.0.1
    Checking wgpu-hal v30.0.1
    Checking calloop v0.13.0
    Checking wgpu-core-deps-windows-linux-android v30.0.1
    Checking quinn v0.11.12
    Checking wayland-csd-frame v0.3.0
    Checking wayland-protocols-wlr v0.3.12
    Checking wayland-cursor v0.31.14
    Checking tungstenite v0.30.0
    Checking orr_bridge v0.0.1 (/workspace/scratch/edd3c9d10b8b/terrain-physics/crates/orr_bridge)
    Checking wgpu-core v30.0.1
    Checking calloop-wayland-source v0.3.0
    Checking smithay-client-toolkit v0.19.2
    Checking h3-quinn v0.0.10
    Checking orr_view v0.0.1 (/workspace/scratch/edd3c9d10b8b/terrain-physics/crates/orr_view)
    Checking tokio-tungstenite v0.30.0
    Checking wtransport v0.7.2
    Checking serde_core v1.0.229
    Checking tiny-skia v0.11.4
    Checking h3-webtransport v0.1.2
    Checking orr_terrain v0.0.1 (/workspace/scratch/edd3c9d10b8b/terrain-physics/crates/orr_terrain)
    Checking wgpu v30.0.1
    Checking orr_physics3d v0.0.1 (/workspace/scratch/edd3c9d10b8b/terrain-physics/crates/orr_physics3d)
    Checking orr_net v0.0.1 (/workspace/scratch/edd3c9d10b8b/terrain-physics/crates/orr_net)
    Checking orr_terrain_physics3d v0.0.1 (/workspace/scratch/edd3c9d10b8b/terrain-physics/crates/orr_terrain_physics3d)
    Checking sctk-adwaita v0.10.1
    Checking orr_rhi v0.0.1 (/workspace/scratch/edd3c9d10b8b/terrain-physics/crates/orr_rhi)
    Checking serde_json v1.0.151
    Checking wayland-protocols-plasma v0.3.12
    Checking xkbcommon-dl v0.4.2
    Checking orr_physics v0.0.1 (/workspace/scratch/edd3c9d10b8b/terrain-physics/crates/orr_physics)
    Checking orr_games v0.0.1 (/workspace/scratch/edd3c9d10b8b/terrain-physics/crates/orr_games)
    Checking orr_viewstream v0.0.1 (/workspace/scratch/edd3c9d10b8b/terrain-physics/crates/orr_viewstream)
    Checking orr_render v0.0.1 (/workspace/scratch/edd3c9d10b8b/terrain-physics/crates/orr_render)
    Checking winit v0.30.13
    Checking orr_relay_net v0.0.1 (/workspace/scratch/edd3c9d10b8b/terrain-physics/crates/orr_relay_net)
    Checking orr_testgame v0.0.1 (/workspace/scratch/edd3c9d10b8b/terrain-physics/crates/orr_testgame)
    Checking orr_edit v0.0.1 (/workspace/scratch/edd3c9d10b8b/terrain-physics/crates/orr_edit)
    Checking orr_sample v0.0.1 (/workspace/scratch/edd3c9d10b8b/terrain-physics/crates/orr_sample)
    Checking orr_remote v0.0.1 (/workspace/scratch/edd3c9d10b8b/terrain-physics/crates/orr_remote)
    Finished `release` profile [optimized + debuginfo] target(s) in 22.54s
