   Compiling orr_ecs v0.0.1 ($REPO/crates/orr_ecs)
   Compiling orr_fp v0.0.1 ($REPO/crates/orr_fp)
   Compiling orr_sim v0.0.1 ($REPO/crates/orr_sim)
   Compiling orr_proto v0.0.1 ($REPO/crates/orr_proto)
   Compiling orr_reflect_derive v0.0.1 ($REPO/crates/orr_reflect_derive)
   Compiling orr_session v0.0.1 ($REPO/crates/orr_session)
   Compiling orr_reflect v0.0.1 ($REPO/crates/orr_reflect)
   Compiling orr_bridge v0.0.1 ($REPO/crates/orr_bridge)
   Compiling orr_net v0.0.1 ($REPO/crates/orr_net)
   Compiling orr_view v0.0.1 ($REPO/crates/orr_view)
   Compiling orr_rhi v0.0.1 ($REPO/crates/orr_rhi)
   Compiling orr_relay_net v0.0.1 ($REPO/crates/orr_relay_net)
   Compiling orr_testgame v0.0.1 ($REPO/crates/orr_testgame)
   Compiling orr_physics3d v0.0.1 ($REPO/crates/orr_physics3d)
   Compiling orr_physics v0.0.1 ($REPO/crates/orr_physics)
   Compiling orr_games v0.0.1 ($REPO/crates/orr_games)
   Compiling orr_viewstream v0.0.1 ($REPO/crates/orr_viewstream)
   Compiling orr_render v0.0.1 ($REPO/crates/orr_render)
   Compiling orr_sample v0.0.1 ($REPO/crates/orr_sample)
   Compiling orr_edit v0.0.1 ($REPO/crates/orr_edit)
   Compiling orr_remote v0.0.1 ($REPO/crates/orr_remote)
   Compiling orr_server v0.0.1 ($REPO/crates/orr_server)
    Finished `release` profile [optimized + debuginfo] target(s) in 1m 39s
     Running tests/frame_delta_cost.rs ($TARGET_DIR/release/deps/frame_delta_cost-b39d7ed7df42126e)
